cmake : ninja: error: loading 'build.ninja': The system cannot find the file specified.
At line:1 char:32
+ ... amming\DevilutionX; cmake --build build --config Release 2>&1 | Tee-O ...
+                         ~~~~~~~~~~~~~~~~~~~~~~~~~~~~~~~~~~~~~~~~~
    + CategoryInfo          : NotSpecified: (ninja: error: l...file specified.:String) [], RemoteException
    + FullyQualifiedErrorId : NativeCommandError
 


